ls: cannot access 'Idontexist': No such file or directory
